IQ-TREE version 3.1.3 for MacOS ARM 64-bit built Jun 19 2026
Developed by Bui Quang Minh, Thomas Wong, Nhan Ly-Trong, Huaiyan Ren
Contributed by Lam-Tung Nguyen, Dominik Schrempf, Chris Bielow,
Olga Chernomor, Michael Woodhams, Diep Thi Hoang, Heiko Schmidt

Host:    MacBook-Pro-6.local (SSE4.2, 8 GB RAM)
Command: ./bin/iqtree3 -s /Users/sabrinaelkassas/Downloads/MAFFT_Aligned_fasta_files/PHA_IQTREE_iTOL.fasta -m MFP -B 1000 -alrt 1000 -T AUTO
Seed:    454443 (Using SPRNG - Scalable Parallel Random Number Generator)
Time:    Tue Aug 18 20:15:48 2026
Kernel:  SSE2 - auto-detect threads (8 CPU cores detected)

Reading alignment file /Users/sabrinaelkassas/Downloads/MAFFT_Aligned_fasta_files/PHA_IQTREE_iTOL.fasta ... Fasta format detected
Reading fasta file: done in 0.000280142 secs using 28.91% CPU
Alignment most likely contains protein sequences
Constructing alignment: done in 0.000576019 secs using 38.89% CPU
Alignment has 11 sequences with 295 columns, 237 distinct patterns
160 parsimony-informative, 54 singleton sites, 81 constant sites
                                                                                                                  Gap/Ambiguity  Composition  p-value
Analyzing sequences: done in 5.60284e-05 secs using 44.62% CPU
   1  Atopomonas_sediminilitoris|WP_241584950.1|extracellular_medium-chain-length_polyhydroxyalkanoate_depolymerase       6.44%    passed     97.07%
   2  Pseudomonas_sp._CC6-YY-74|WP_256573097.1|extracellular_medium-chain-length_polyhydroxyalkanoate_depolymerase        3.05%    passed     98.80%
   3  Pseudomonas_leptonychotis|WP_415754049.1|extracellular_medium-chain-length_polyhydroxyalkanoate_depolymerase        3.39%    passed     99.99%
   4  Halopseudomonas_sp.|WP_341706354.1|extracellular_medium-chain-length_polyhydroxyalkanoate_depolymerase              3.73%    passed     99.90%
   5  Halopseudomonas_oceani|WP_496960499.1|extracellular_medium-chain-length_polyhydroxyalkanoate_depolymerase           3.73%    passed     98.70%
   6  Pseudomonas_paeninsulae|WP_324732504.1|extracellular_medium-chain-length_polyhydroxyalkanoate_depolymerase          3.05%    passed     99.56%
   7  Parahaliea_mediterranea|WP_116368789.1|extracellular_medium-chain-length_polyhydroxyalkanoate_depolymerase          6.10%    passed     80.97%
   8  Zooshikella_harenae|WP_215820801.1|extracellular_medium-chain-length_polyhydroxyalkanoate_depolymerase              2.03%    passed     61.09%
   9  Pseudomaricurvus_sp._ABR4_320|WP_475177401.1|extracellular_medium-chain-length_polyhydroxyalkanoate_depolymerase    5.42%    passed     47.60%
  10  Zooshikella_ganghwensis|WP_165773227.1|extracellular_medium-chain-length_polyhydroxyalkanoate_depolymerase          5.76%    passed     92.99%
  11  Bdellovibrio_bacteriovorus|WP_374031472.1|extracellular_medium-chain-length_polyhydroxyalkanoate_depolymerase      13.22%    failed      4.70%
****  TOTAL                                                                                                               5.08%  1 sequences failed composition chi2 test (p-value<5%; df=19)
Checking for duplicate sequences: done in 7.29561e-05 secs using 49.34% CPU


Create initial parsimony tree by phylogenetic likelihood library (PLL)... 0.000 seconds
Measuring multi-threading efficiency up to 8 CPU cores
Increase to 10 rounds for branch lengths
141 trees examined
Threads: 1 / Time: 8.011 sec / Speedup: 1.000 / Efficiency: 100% / LogL: -4587
Threads: 2 / Time: 7.830 sec / Speedup: 1.023 / Efficiency: 51% / LogL: -4587
Threads: 3 / Time: 7.771 sec / Speedup: 1.031 / Efficiency: 34% / LogL: -4587
Determining AUTO threadcount: done in 23.6147 secs using 129.1% CPU
BEST NUMBER OF THREADS: 1

Perform fast likelihood tree search using LG+I+G model...
Estimate model parameters (epsilon = 5.000)
Perform nearest neighbor interchange...
Estimate model parameters (epsilon = 1.000)
1. Initial log-likelihood: -4021.579
Optimal log-likelihood: -4021.538
Proportion of invariable sites: 0.144
Gamma shape alpha: 1.205
Parameters optimization took 1 rounds (0.026 sec)
Time for fast ML tree search: 0.151 seconds

NOTE: ModelFinder requires 5 MB RAM!
ModelFinder will test up to 1232 protein models (sample size: 295 epsilon: 0.100) ...
 No. Model         -LnL         df  AIC          AICc         BIC
Akaike Information Criterion:           Q.PFAM+I+G4
Corrected Akaike Information Criterion: Q.PFAM+I+G4
Bayesian Information Criterion:         Q.PFAM+I+G4
Best-fit model: Q.PFAM+I+G4 chosen according to BIC

All model information printed to /Users/sabrinaelkassas/Downloads/MAFFT_Aligned_fasta_files/PHA_IQTREE_iTOL.fasta.model.gz
CPU time for ModelFinder: 40.959 seconds (0h:0m:40s)
Wall-clock time for ModelFinder: 34.277 seconds (0h:0m:34s)
Generating 1000 samples for ultrafast bootstrap (seed: 454443)...

NOTE: 2 MB RAM (0 GB) is required!
Estimate model parameters (epsilon = 0.100)
Thoroughly optimizing +I+G parameters from 10 start values...
Init pinv, alpha: 0.000, 1.274 / Estimate: 0.000, 0.706 / LogL: -4021.348
Init pinv, alpha: 0.031, 1.274 / Estimate: 0.038, 0.793 / LogL: -4020.357
Init pinv, alpha: 0.061, 1.274 / Estimate: 0.147, 1.253 / LogL: -4017.778
Init pinv, alpha: 0.092, 1.274 / Estimate: 0.148, 1.261 / LogL: -4017.762
Init pinv, alpha: 0.122, 1.274 / Estimate: 0.149, 1.263 / LogL: -4017.758
Init pinv, alpha: 0.153, 1.274 / Estimate: 0.159, 1.335 / LogL: -4017.662
Init pinv, alpha: 0.183, 1.274 / Estimate: 0.174, 1.442 / LogL: -4017.654
Init pinv, alpha: 0.214, 1.274 / Estimate: 0.177, 1.470 / LogL: -4017.678
Init pinv, alpha: 0.244, 1.274 / Estimate: 0.176, 1.459 / LogL: -4017.669
Init pinv, alpha: 0.275, 1.274 / Estimate: 0.177, 1.470 / LogL: -4017.680
Optimal pinv,alpha: 0.174, 1.442 / LogL: -4017.654

Parameters optimization took 2.064 sec
Wrote distance file to... 
Computing ML distances based on estimated model parameters...
Calculating distance matrix: done in 0.054178 secs using 97.34% CPU
Computing ML distances took 0.054531 sec (of wall-clock time) 0.052799 sec (of CPU time)
Setting up auxiliary I and S matrices: done in 3.21865e-05 secs using 62.14% CPU
Constructing RapidNJ tree: done in 3.71933e-05 secs using 126.4% CPU
Computing RapidNJ tree took 0.000119 sec (of wall-clock time) 0.000104 sec (of CPU time)
Log-likelihood of RapidNJ tree: -4020.263
--------------------------------------------------------------------
|             INITIALIZING CANDIDATE TREE SET                      |
--------------------------------------------------------------------
Generating 98 parsimony trees... 0.062 second
Computing log-likelihood of 91 initial trees ... 0.579 seconds
Current best score: -4017.654

Do NNI search on 20 best initial trees
Estimate model parameters (epsilon = 0.100)
BETTER TREE FOUND at iteration 1: -4017.645
Iteration 10 / LogL: -4017.693 / Time: 0h:0m:37s
Iteration 20 / LogL: -4017.664 / Time: 0h:0m:38s
Finish initializing candidate tree set (2)
Current best tree score: -4017.645 / CPU time: 2.122
Number of iterations: 20
--------------------------------------------------------------------
|               OPTIMIZING CANDIDATE TREE SET                      |
--------------------------------------------------------------------
UPDATE BEST LOG-LIKELIHOOD: -4017.645
Iteration 30 / LogL: -4017.730 / Time: 0h:0m:39s (0h:0m:13s left)
Iteration 40 / LogL: -4017.800 / Time: 0h:0m:40s (0h:0m:9s left)
Iteration 50 / LogL: -4017.672 / Time: 0h:0m:42s (0h:0m:8s left)
Log-likelihood cutoff on original alignment: -4054.670
Iteration 60 / LogL: -4022.099 / Time: 0h:0m:43s (0h:0m:6s left)
Iteration 70 / LogL: -4017.673 / Time: 0h:0m:44s (0h:0m:4s left)
Iteration 80 / LogL: -4017.702 / Time: 0h:0m:45s (0h:0m:2s left)
Iteration 90 / LogL: -4017.657 / Time: 0h:0m:46s (0h:0m:1s left)
Iteration 100 / LogL: -4018.257 / Time: 0h:0m:47s (0h:0m:0s left)
Log-likelihood cutoff on original alignment: -4055.528
NOTE: Bootstrap correlation coefficient of split occurrence frequencies: 1.000
TREE SEARCH COMPLETED AFTER 102 ITERATIONS / Time: 0h:0m:47s

--------------------------------------------------------------------
|                    FINALIZING TREE SEARCH                        |
--------------------------------------------------------------------
Performs final model parameters optimization
Estimate model parameters (epsilon = 0.010)
1. Initial log-likelihood: -4017.645
Optimal log-likelihood: -4017.641
Proportion of invariable sites: 0.170
Gamma shape alpha: 1.415
Parameters optimization took 1 rounds (0.036 sec)
BEST SCORE FOUND : -4017.641

Testing tree branches by SH-like aLRT with 1000 replicates...
0.103 sec.
Creating bootstrap support values...
Split supports printed to NEXUS file /Users/sabrinaelkassas/Downloads/MAFFT_Aligned_fasta_files/PHA_IQTREE_iTOL.fasta.splits.nex
Total tree length: 4.977

Total number of iterations: 102
CPU time used for tree search: 11.097 sec (0h:0m:11s)
Wall-clock time used for tree search: 11.434 sec (0h:0m:11s)
Total CPU time used: 54.322 sec (0h:0m:54s)
Total wall-clock time used: 48.065 sec (0h:0m:48s)

Computing bootstrap consensus tree...
Reading input file /Users/sabrinaelkassas/Downloads/MAFFT_Aligned_fasta_files/PHA_IQTREE_iTOL.fasta.splits.nex...
11 taxa and 44 splits.
Consensus tree written to /Users/sabrinaelkassas/Downloads/MAFFT_Aligned_fasta_files/PHA_IQTREE_iTOL.fasta.contree
Reading input trees file /Users/sabrinaelkassas/Downloads/MAFFT_Aligned_fasta_files/PHA_IQTREE_iTOL.fasta.contree
Log-likelihood of consensus tree: -4017.641

Analysis results written to: 
  IQ-TREE report:                /Users/sabrinaelkassas/Downloads/MAFFT_Aligned_fasta_files/PHA_IQTREE_iTOL.fasta.iqtree
  Maximum-likelihood tree:       /Users/sabrinaelkassas/Downloads/MAFFT_Aligned_fasta_files/PHA_IQTREE_iTOL.fasta.treefile
  Likelihood distances:          /Users/sabrinaelkassas/Downloads/MAFFT_Aligned_fasta_files/PHA_IQTREE_iTOL.fasta.mldist

Ultrafast bootstrap approximation results written to:
  Split support values:          /Users/sabrinaelkassas/Downloads/MAFFT_Aligned_fasta_files/PHA_IQTREE_iTOL.fasta.splits.nex
  Consensus tree:                /Users/sabrinaelkassas/Downloads/MAFFT_Aligned_fasta_files/PHA_IQTREE_iTOL.fasta.contree
  Screen log file:               /Users/sabrinaelkassas/Downloads/MAFFT_Aligned_fasta_files/PHA_IQTREE_iTOL.fasta.log

Date and Time: Tue Aug 18 20:16:36 2026
