IQ-TREE version 3.1.3 for MacOS ARM 64-bit built Jun 19 2026
Developed by Bui Quang Minh, Thomas Wong, Nhan Ly-Trong, Huaiyan Ren
Contributed by Lam-Tung Nguyen, Dominik Schrempf, Chris Bielow,
Olga Chernomor, Michael Woodhams, Diep Thi Hoang, Heiko Schmidt

Host:    MacBook-Pro-6.local (SSE4.2, 8 GB RAM)
Command: ./bin/iqtree3 -s /Users/sabrinaelkassas/Downloads/MAFFT_Aligned_fasta_files/GlutathionePeroxidase_WP_003945816.1_IQTREE_iTOL.fasta -m MFP -B 1000 -alrt 1000 -T AUTO
Seed:    693482 (Using SPRNG - Scalable Parallel Random Number Generator)
Time:    Tue Aug 18 18:24:27 2026
Kernel:  SSE2 - auto-detect threads (8 CPU cores detected)

Reading alignment file /Users/sabrinaelkassas/Downloads/MAFFT_Aligned_fasta_files/GlutathionePeroxidase_WP_003945816.1_IQTREE_iTOL.fasta ... Fasta format detected
Reading fasta file: done in 0.000307083 secs using 31.59% CPU
Alignment most likely contains protein sequences
Constructing alignment: done in 0.000200033 secs using 62.49% CPU
Alignment has 22 sequences with 171 columns, 115 distinct patterns
73 parsimony-informative, 20 singleton sites, 78 constant sites
                                                                   Gap/Ambiguity  Composition  p-value
Analyzing sequences: done in 3.60012e-05 secs using 61.11% CPU
   1  Rhodococcus_sp._WMMA185|WP_070379564.1|glutathione_peroxidase        4.09%    passed    100.00%
   2  Rhodococcus_spongiicola|WP_127945803.1|glutathione_peroxidase        4.09%    passed    100.00%
   3  Rhodococcus_xishaensis|WP_127955491.1|glutathione_peroxidase         4.09%    passed     99.44%
   4  Rhodococcus_sp._RD6.2|WP_050066444.1|glutathione_peroxidase          3.51%    passed    100.00%
   5  unclassified_Rhodococcus|WP_169688273.1|glutathione_peroxidase       4.09%    passed     99.98%
   6  Prescottella_sp._R16|WP_305093932.1|glutathione_peroxidase           5.26%    passed    100.00%
   7  Rhodococcus_sp._HNM0569|WP_169647600.1|glutathione_peroxidase        4.09%    passed    100.00%
   8  Rhodococcus_sovatensis|WP_338889646.1|glutathione_peroxidase         1.75%    passed     99.98%
   9  Nocardiaceae|WP_269417429.1|glutathione_peroxidase                   1.17%    passed     99.90%
  10  Rhodococcus_sp._PSi06|WP_462665568.1|glutathione_peroxidase          1.17%    passed     99.96%
  11  unclassified_Rhodococcus_1|WP_374700635.1|glutathione_peroxidase     1.17%    passed     99.02%
  12  unclassified_Rhodococcus_2|WP_374222415.1|glutathione_peroxidase     1.17%    passed     99.89%
  13  Rhodococcus_sp._AW25M09|WP_269744637.1|glutathione_peroxidase        1.17%    passed     99.95%
  14  Mycolicibacterium_sp._CBM1|WP_457222775.1|glutathione_peroxidase     5.26%    passed     99.22%
  15  Mycobacterium_sp._WMMD1722|WP_422744644.1|glutathione_peroxidase     2.34%    passed     99.99%
  16  Mycolicibacterium_arenosum|WP_255058471.1|glutathione_peroxidase     5.26%    passed    100.00%
  17  Mycobacterium_sp._AT1|WP_079924327.1|glutathione_peroxidase          5.26%    passed    100.00%
  18  Mycolicibacterium_hodleri|WP_142555396.1|glutathione_peroxidase      5.26%    passed    100.00%
  19  Streptomyces_sp._ADI93-02|WP_124278333.1|glutathione_peroxidase      5.26%    passed     99.39%
  20  Mycobacterium|WP_265994625.1|glutathione_peroxidase                  5.26%    passed     99.92%
  21  Mycolicibacterium_palauense|WP_099020684.1|glutathione_peroxidase    5.26%    passed     99.91%
  22  Streptomyces_sp._SM10|WP_103760023.1|glutathione_peroxidase          4.68%    passed     99.93%
****  TOTAL                                                                3.67%  0 sequences failed composition chi2 test (p-value<5%; df=19)
Checking for duplicate sequences: done in 7.58171e-05 secs using 52.76% CPU


Create initial parsimony tree by phylogenetic likelihood library (PLL)... 0.001 seconds
Measuring multi-threading efficiency up to 8 CPU cores
Increase to 10 rounds for branch lengths
153 trees examined
Threads: 1 / Time: 8.002 sec / Speedup: 1.000 / Efficiency: 100% / LogL: -2964
Threads: 2 / Time: 7.578 sec / Speedup: 1.056 / Efficiency: 53% / LogL: -2964
Threads: 3 / Time: 8.307 sec / Speedup: 0.963 / Efficiency: 32% / LogL: -2964
Determining AUTO threadcount: done in 23.8884 secs using 122.5% CPU
BEST NUMBER OF THREADS: 2

Perform fast likelihood tree search using LG+I+G model...
Estimate model parameters (epsilon = 5.000)
Perform nearest neighbor interchange...
Estimate model parameters (epsilon = 1.000)
1. Initial log-likelihood: -2253.608
Optimal log-likelihood: -2253.607
Proportion of invariable sites: 0.231
Gamma shape alpha: 0.866
Parameters optimization took 1 rounds (0.018 sec)
Time for fast ML tree search: 0.190 seconds

NOTE: ModelFinder requires 5 MB RAM!
ModelFinder will test up to 1232 protein models (sample size: 171 epsilon: 0.100) ...
 No. Model         -LnL         df  AIC          AICc         BIC
Akaike Information Criterion:           Q.PFAM+G4
Corrected Akaike Information Criterion: Q.PFAM+G4
Bayesian Information Criterion:         Q.PFAM+G4
Best-fit model: Q.PFAM+G4 chosen according to BIC

All model information printed to /Users/sabrinaelkassas/Downloads/MAFFT_Aligned_fasta_files/GlutathionePeroxidase_WP_003945816.1_IQTREE_iTOL.fasta.model.gz
CPU time for ModelFinder: 40.606 seconds (0h:0m:40s)
Wall-clock time for ModelFinder: 32.267 seconds (0h:0m:32s)
Generating 1000 samples for ultrafast bootstrap (seed: 693482)...

NOTE: 2 MB RAM (0 GB) is required!
Estimate model parameters (epsilon = 0.100)
1. Initial log-likelihood: -2250.158
2. Current log-likelihood: -2249.499
Optimal log-likelihood: -2249.479
Gamma shape alpha: 0.446
Parameters optimization took 2 rounds (0.043 sec)
Wrote distance file to... 
Computing ML distances based on estimated model parameters...
Calculating distance matrix: done in 0.115209 secs using 193% CPU
Computing ML distances took 0.115504 sec (of wall-clock time) 0.222426 sec (of CPU time)
Setting up auxiliary I and S matrices: done in 4.88758e-05 secs using 73.66% CPU
Constructing RapidNJ tree: done in 0.000679016 secs using 59.35% CPU
Computing RapidNJ tree took 0.000767 sec (of wall-clock time) 0.000457 sec (of CPU time)
Log-likelihood of RapidNJ tree: -2249.871
--------------------------------------------------------------------
|             INITIALIZING CANDIDATE TREE SET                      |
--------------------------------------------------------------------
Generating 98 parsimony trees... 0.093 second
Computing log-likelihood of 98 initial trees ... 0.567 seconds
Current best score: -2246.071

Do NNI search on 20 best initial trees
Estimate model parameters (epsilon = 0.100)
BETTER TREE FOUND at iteration 1: -2245.668
Estimate model parameters (epsilon = 0.100)
BETTER TREE FOUND at iteration 7: -2244.457
Estimate model parameters (epsilon = 0.100)
BETTER TREE FOUND at iteration 8: -2242.467
Iteration 10 / LogL: -2245.672 / Time: 0h:0m:33s
Iteration 20 / LogL: -2245.678 / Time: 0h:0m:34s
Finish initializing candidate tree set (7)
Current best tree score: -2242.467 / CPU time: 1.968
Number of iterations: 20
--------------------------------------------------------------------
|               OPTIMIZING CANDIDATE TREE SET                      |
--------------------------------------------------------------------
Iteration 30 / LogL: -2242.564 / Time: 0h:0m:35s (0h:0m:9s left)
Iteration 40 / LogL: -2244.437 / Time: 0h:0m:36s (0h:0m:8s left)
Iteration 50 / LogL: -2242.493 / Time: 0h:0m:38s (0h:0m:6s left)
Log-likelihood cutoff on original alignment: -2260.162
Iteration 60 / LogL: -2242.563 / Time: 0h:0m:39s (0h:0m:5s left)
UPDATE BEST LOG-LIKELIHOOD: -2242.467
Iteration 70 / LogL: -2244.317 / Time: 0h:0m:40s (0h:0m:4s left)
Iteration 80 / LogL: -2242.563 / Time: 0h:0m:41s (0h:0m:3s left)
Iteration 90 / LogL: -2242.482 / Time: 0h:0m:42s (0h:0m:2s left)
Iteration 100 / LogL: -2242.473 / Time: 0h:0m:43s (0h:0m:0s left)
Log-likelihood cutoff on original alignment: -2262.548
NOTE: Bootstrap correlation coefficient of split occurrence frequencies: 0.998
TREE SEARCH COMPLETED AFTER 109 ITERATIONS / Time: 0h:0m:44s

--------------------------------------------------------------------
|                    FINALIZING TREE SEARCH                        |
--------------------------------------------------------------------
Performs final model parameters optimization
Estimate model parameters (epsilon = 0.010)
1. Initial log-likelihood: -2242.467
Optimal log-likelihood: -2242.467
Gamma shape alpha: 0.439
Parameters optimization took 1 rounds (0.015 sec)
BEST SCORE FOUND : -2242.467

Testing tree branches by SH-like aLRT with 1000 replicates...
0.050 sec.
Creating bootstrap support values...
Split supports printed to NEXUS file /Users/sabrinaelkassas/Downloads/MAFFT_Aligned_fasta_files/GlutathionePeroxidase_WP_003945816.1_IQTREE_iTOL.fasta.splits.nex
Total tree length: 2.422

Total number of iterations: 109
CPU time used for tree search: 14.614 sec (0h:0m:14s)
Wall-clock time used for tree search: 12.506 sec (0h:0m:12s)
Total CPU time used: 55.691 sec (0h:0m:55s)
Total wall-clock time used: 45.085 sec (0h:0m:45s)

Computing bootstrap consensus tree...
Reading input file /Users/sabrinaelkassas/Downloads/MAFFT_Aligned_fasta_files/GlutathionePeroxidase_WP_003945816.1_IQTREE_iTOL.fasta.splits.nex...
22 taxa and 162 splits.
Consensus tree written to /Users/sabrinaelkassas/Downloads/MAFFT_Aligned_fasta_files/GlutathionePeroxidase_WP_003945816.1_IQTREE_iTOL.fasta.contree
Reading input trees file /Users/sabrinaelkassas/Downloads/MAFFT_Aligned_fasta_files/GlutathionePeroxidase_WP_003945816.1_IQTREE_iTOL.fasta.contree
Log-likelihood of consensus tree: -2242.563

Analysis results written to: 
  IQ-TREE report:                /Users/sabrinaelkassas/Downloads/MAFFT_Aligned_fasta_files/GlutathionePeroxidase_WP_003945816.1_IQTREE_iTOL.fasta.iqtree
  Maximum-likelihood tree:       /Users/sabrinaelkassas/Downloads/MAFFT_Aligned_fasta_files/GlutathionePeroxidase_WP_003945816.1_IQTREE_iTOL.fasta.treefile
  Likelihood distances:          /Users/sabrinaelkassas/Downloads/MAFFT_Aligned_fasta_files/GlutathionePeroxidase_WP_003945816.1_IQTREE_iTOL.fasta.mldist

Ultrafast bootstrap approximation results written to:
  Split support values:          /Users/sabrinaelkassas/Downloads/MAFFT_Aligned_fasta_files/GlutathionePeroxidase_WP_003945816.1_IQTREE_iTOL.fasta.splits.nex
  Consensus tree:                /Users/sabrinaelkassas/Downloads/MAFFT_Aligned_fasta_files/GlutathionePeroxidase_WP_003945816.1_IQTREE_iTOL.fasta.contree
  Screen log file:               /Users/sabrinaelkassas/Downloads/MAFFT_Aligned_fasta_files/GlutathionePeroxidase_WP_003945816.1_IQTREE_iTOL.fasta.log

Date and Time: Tue Aug 18 18:25:12 2026
