IQ-TREE version 3.1.3 for MacOS ARM 64-bit built Jun 19 2026
Developed by Bui Quang Minh, Thomas Wong, Nhan Ly-Trong, Huaiyan Ren
Contributed by Lam-Tung Nguyen, Dominik Schrempf, Chris Bielow,
Olga Chernomor, Michael Woodhams, Diep Thi Hoang, Heiko Schmidt

Host:    MacBook-Pro-6.local (SSE4.2, 8 GB RAM)
Command: ./bin/iqtree3 -s /Users/sabrinaelkassas/Downloads/Chloe_Phylogeny/GlutathionePeroxidase_WP_026826575.1_formatted_aligned.fasta -m MFP -B 1000 -alrt 1000 -T AUTO
Seed:    398565 (Using SPRNG - Scalable Parallel Random Number Generator)
Time:    Tue Aug 18 13:58:12 2026
Kernel:  SSE2 - auto-detect threads (8 CPU cores detected)

Reading alignment file /Users/sabrinaelkassas/Downloads/Chloe_Phylogeny/GlutathionePeroxidase_WP_026826575.1_formatted_aligned.fasta ... Fasta format detected
Reading fasta file: done in 0.000387907 secs using 45.63% CPU
NOTE: Change sequence name 'unclassified Exiguobacterium | WP_214739526.1 | glutathione peroxidase' -> unclassified_Exiguobacterium_|_WP_214739526.1
NOTE: Change sequence name 'Exiguobacterium sp. RM11 | WP_499824088.1 | glutathione peroxidase' -> Exiguobacterium_sp._RM11_|
NOTE: Change sequence name 'Exiguobacterium sp. s189 | WP_214747832.1 | glutathione peroxidase' -> Exiguobacterium_sp._s189_|
NOTE: Change sequence name 'Exiguobacterium | WP_215244196.1 | glutathione peroxidase' -> Exiguobacterium_|_WP_215244196.1_|
NOTE: Change sequence name 'unclassified Exiguobacterium | WP_214794421.1 | glutathione peroxidase' -> unclassified_Exiguobacterium_|_WP_214794421.1
NOTE: Change sequence name 'Exiguobacterium sp. CH10 | WP_214875247.1 | glutathione peroxidase' -> Exiguobacterium_sp._CH10_|
NOTE: Change sequence name 'Exiguobacterium qingdaonense | WP_215142194.1 | glutathione peroxidase' -> Exiguobacterium_qingdaonense_|_WP_215142194.1
NOTE: Change sequence name 'Exiguobacterium algae | WP_214827836.1 | glutathione peroxidase' -> Exiguobacterium_algae_|_WP_214827836.1
NOTE: Change sequence name 'Exiguobacterium sp. s146 | WP_214762277.1 | glutathione peroxidase' -> Exiguobacterium_sp._s146_|
NOTE: Change sequence name 'Litorivivens sp. | WP_372779777.1 | glutathione peroxidase' -> Litorivivens_sp._|_WP_372779777.1
NOTE: Change sequence name 'Litorivivens sp. | WP_486772909.1 | glutathione peroxidase' -> Litorivivens_sp._|_WP_486772909.1
NOTE: Change sequence name 'unclassified Ketobacter | WP_290592511.1 | glutathione peroxidase' -> unclassified_Ketobacter_|_WP_290592511.1
NOTE: Change sequence name 'Litorivivens sp. | WP_372748028.1 | glutathione peroxidase' -> Litorivivens_sp._|_WP_372748028.1
NOTE: Change sequence name 'Exobacillus caeni | WP_138127256.1 | glutathione peroxidase' -> Exobacillus_caeni_|_WP_138127256.1
NOTE: Change sequence name 'Ketobacter alkanivorans | WP_101892728.1 | glutathione peroxidase' -> Ketobacter_alkanivorans_|_WP_101892728.1
NOTE: Change sequence name 'Paenibacillus durus | WP_042205621.1 | glutathione peroxidase' -> Paenibacillus_durus_|_WP_042205621.1
NOTE: Change sequence name 'Aeribacillus alveayuensis | WP_044748373.1 | glutathione peroxidase' -> Aeribacillus_alveayuensis_|_WP_044748373.1
NOTE: Change sequence name 'Geobacillus thermodenitrificans | WP_108437753.1 | glutathione peroxidase' -> Geobacillus_thermodenitrificans_|_WP_108437753.1
NOTE: Change sequence name 'Ketobacter sp. | WP_290579410.1 | glutathione peroxidase' -> Ketobacter_sp._|_WP_290579410.1
NOTE: Change sequence name 'Fictibacillus nanhaiensis | WP_423419467.1 | glutathione peroxidase' -> Fictibacillus_nanhaiensis_|_WP_423419467.1
NOTE: Change sequence name 'Paenibacillus donghaensis | WP_087913571.1 | glutathione peroxidase' -> Paenibacillus_donghaensis_|_WP_087913571.1
NOTE: Change sequence name 'Oceanicoccus sagamiensis | WP_085758778.1 | glutathione peroxidase' -> Oceanicoccus_sagamiensis_|_WP_085758778.1
NOTE: Change sequence name 'Parahalioglobus pacificus | WP_189478192.1 | glutathione peroxidase' -> Parahalioglobus_pacificus_|_WP_189478192.1
NOTE: Change sequence name 'Fictibacillus nanhaiensis | WP_222463053.1 | glutathione peroxidase' -> Fictibacillus_nanhaiensis_|_WP_222463053.1
NOTE: Change sequence name 'Shewanella amazonensis | WP_011759196.1 | glutathione peroxidase' -> Shewanella_amazonensis_|_WP_011759196.1
NOTE: Change sequence name 'Cytobacillus spongiae | WP_233806466.1 | glutathione peroxidase' -> Cytobacillus_spongiae_|_WP_233806466.1
NOTE: Change sequence name 'Shewanella litorisediminis | WP_203326402.1 | glutathione peroxidase' -> Shewanella_litorisediminis_|_WP_203326402.1
NOTE: Change sequence name 'Niallia circulans | WP_303983512.1 | glutathione peroxidase' -> Niallia_circulans_|_WP_303983512.1
NOTE: Change sequence name 'Hydrogenophaga sp. | WP_291017879.1 | glutathione peroxidase' -> Hydrogenophaga_sp._|_WP_291017879.1
NOTE: Change sequence name 'Candidatus Litorirhabdus singularis | WP_279243352.1 | glutathione peroxidase' -> Candidatus_Litorirhabdus_singularis_|
NOTE: Change sequence name 'Metabacillus sediminis | WP_338776667.1 | glutathione peroxidase' -> Metabacillus_sediminis_|_WP_338776667.1
NOTE: Change sequence name 'Metabacillus indicus | WP_342822418.1 | glutathione peroxidase' -> Metabacillus_indicus_|_WP_342822418.1
NOTE: Change sequence name 'Metabacillus flavus | WP_211558611.1 | glutathione peroxidase' -> Metabacillus_flavus_|_WP_211558611.1
NOTE: Change sequence name 'Candidatus Nitrospira neomarina | WP_312748170.1 | glutathione peroxidase' -> Candidatus_Nitrospira_neomarina_|
NOTE: Change sequence name 'Kordiimonas lipolytica | WP_068153195.1 | glutathione peroxidase' -> Kordiimonas_lipolytica_|_WP_068153195.1
NOTE: Change sequence name 'Hahella sp. NS-SX17 | WP_486329016.1 | glutathione peroxidase' -> Hahella_sp._NS-SX17_|
NOTE: Change sequence name 'Flagellimonas sediminis | WP_163636080.1 | glutathione peroxidase' -> Flagellimonas_sediminis_|_WP_163636080.1
NOTE: Change sequence name 'Hahella aquimaris | WP_305904215.1 | glutathione peroxidase' -> Hahella_aquimaris_|_WP_305904215.1
NOTE: Change sequence name 'Acidovorax sp. | WP_490404818.1 | glutathione peroxidase' -> Acidovorax_sp._|_WP_490404818.1
NOTE: Change sequence name 'Seongchinamella unica | WP_133213762.1 | glutathione peroxidase' -> Seongchinamella_unica_|_WP_133213762.1
NOTE: Change sequence name 'Acidovorax sp. M14 | WP_422848402.1 | glutathione peroxidase' -> Acidovorax_sp._M14_|
NOTE: Change sequence name 'Paracidovorax sp. MALMAid1276 | WP_421563200.1 | glutathione peroxidase' -> Paracidovorax_sp._MALMAid1276_|
NOTE: Change sequence name 'Parendozoicomonas callyspongiae | WP_249700801.1 | glutathione peroxidase' -> Parendozoicomonas_callyspongiae_|_WP_249700801.1
NOTE: Change sequence name 'Maricaulis parjimensis | WP_203293554.1 | glutathione peroxidase' -> Maricaulis_parjimensis_|_WP_203293554.1
NOTE: Change sequence name 'Parendozoicomonas sp. Alg238-R29 | WP_281647015.1 | glutathione peroxidase' -> Parendozoicomonas_sp._Alg238-R29_|
Alignment most likely contains protein sequences
Constructing alignment: done in 0.000475883 secs using 38.88% CPU
Alignment has 45 sequences with 169 columns, 144 distinct patterns
110 parsimony-informative, 16 singleton sites, 43 constant sites
                                                  Gap/Ambiguity  Composition  p-value
Analyzing sequences: done in 4.91142e-05 secs using 67.19% CPU
   1  unclassified_Exiguobacterium_|_WP_214739526.1       7.10%    passed    100.00%
   2  Exiguobacterium_sp._RM11_|                          7.10%    passed    100.00%
   3  Exiguobacterium_sp._s189_|                          7.10%    passed    100.00%
   4  Exiguobacterium_|_WP_215244196.1_|                  6.51%    passed    100.00%
   5  unclassified_Exiguobacterium_|_WP_214794421.1       7.10%    passed    100.00%
   6  Exiguobacterium_sp._CH10_|                          7.10%    passed    100.00%
   7  Exiguobacterium_qingdaonense_|_WP_215142194.1       7.10%    passed    100.00%
   8  Exiguobacterium_algae_|_WP_214827836.1              7.10%    passed     99.89%
   9  Exiguobacterium_sp._s146_|                          7.10%    passed     99.96%
  10  Litorivivens_sp._|_WP_372779777.1                   5.92%    passed    100.00%
  11  Litorivivens_sp._|_WP_486772909.1                   5.92%    passed     99.99%
  12  unclassified_Ketobacter_|_WP_290592511.1            5.33%    passed     99.95%
  13  Litorivivens_sp._|_WP_372748028.1                   5.92%    passed    100.00%
  14  Exobacillus_caeni_|_WP_138127256.1                  7.10%    passed     98.04%
  15  Ketobacter_alkanivorans_|_WP_101892728.1            5.33%    passed     99.71%
  16  Paenibacillus_durus_|_WP_042205621.1                5.92%    passed     99.65%
  17  Aeribacillus_alveayuensis_|_WP_044748373.1          5.33%    passed     99.96%
  18  Geobacillus_thermodenitrificans_|_WP_108437753.1    6.51%    passed     76.83%
  19  Ketobacter_sp._|_WP_290579410.1                     5.33%    passed     99.19%
  20  Fictibacillus_nanhaiensis_|_WP_423419467.1          6.51%    passed    100.00%
  21  Paenibacillus_donghaensis_|_WP_087913571.1          5.92%    passed     98.92%
  22  Oceanicoccus_sagamiensis_|_WP_085758778.1           4.73%    passed     99.52%
  23  Parahalioglobus_pacificus_|_WP_189478192.1          4.73%    passed     97.02%
  24  Fictibacillus_nanhaiensis_|_WP_222463053.1          6.51%    passed     99.89%
  25  Shewanella_amazonensis_|_WP_011759196.1             2.96%    passed     96.55%
  26  Cytobacillus_spongiae_|_WP_233806466.1              6.51%    passed     99.92%
  27  Shewanella_litorisediminis_|_WP_203326402.1         2.96%    passed     87.80%
  28  Niallia_circulans_|_WP_303983512.1                  5.92%    passed     96.87%
  29  Hydrogenophaga_sp._|_WP_291017879.1                 4.73%    passed     41.07%
  30  Candidatus_Litorirhabdus_singularis_|               4.14%    passed     98.07%
  31  Metabacillus_sediminis_|_WP_338776667.1             2.37%    passed     91.22%
  32  Metabacillus_indicus_|_WP_342822418.1               5.33%    passed     99.93%
  33  Metabacillus_flavus_|_WP_211558611.1                1.18%    passed     88.28%
  34  Candidatus_Nitrospira_neomarina_|                   1.78%    passed     99.49%
  35  Kordiimonas_lipolytica_|_WP_068153195.1             5.92%    passed     99.54%
  36  Hahella_sp._NS-SX17_|                               5.92%    passed     99.99%
  37  Flagellimonas_sediminis_|_WP_163636080.1            7.10%    passed     96.50%
  38  Hahella_aquimaris_|_WP_305904215.1                  5.92%    passed    100.00%
  39  Acidovorax_sp._|_WP_490404818.1                     3.55%    passed     58.28%
  40  Seongchinamella_unica_|_WP_133213762.1              4.73%    passed     99.80%
  41  Acidovorax_sp._M14_|                                3.55%    passed     73.81%
  42  Paracidovorax_sp._MALMAid1276_|                     4.73%    passed     65.85%
  43  Parendozoicomonas_callyspongiae_|_WP_249700801.1    1.78%    passed     99.16%
  44  Maricaulis_parjimensis_|_WP_203293554.1             5.92%    passed    100.00%
  45  Parendozoicomonas_sp._Alg238-R29_|                  4.14%    passed     99.90%
****  TOTAL                                               5.36%  0 sequences failed composition chi2 test (p-value<5%; df=19)
Checking for duplicate sequences: done in 9.60827e-05 secs using 67.65% CPU


Create initial parsimony tree by phylogenetic likelihood library (PLL)... 0.004 seconds
Measuring multi-threading efficiency up to 8 CPU cores
Increase to 10 rounds for branch lengths
47 trees examined
Threads: 1 / Time: 8.037 sec / Speedup: 1.000 / Efficiency: 100% / LogL: -7493
Threads: 2 / Time: 8.522 sec / Speedup: 0.943 / Efficiency: 47% / LogL: -7493
Determining AUTO threadcount: done in 16.5595 secs using 114.2% CPU
BEST NUMBER OF THREADS: 1

Perform fast likelihood tree search using LG+I+G model...
Estimate model parameters (epsilon = 5.000)
Perform nearest neighbor interchange...
Estimate model parameters (epsilon = 1.000)
1. Initial log-likelihood: -5454.351
Optimal log-likelihood: -5453.906
Proportion of invariable sites: 0.189
Gamma shape alpha: 1.162
Parameters optimization took 1 rounds (0.121 sec)
Time for fast ML tree search: 0.805 seconds

NOTE: ModelFinder requires 11 MB RAM!
ModelFinder will test up to 1232 protein models (sample size: 169 epsilon: 0.100) ...
 No. Model         -LnL         df  AIC          AICc         BIC
Akaike Information Criterion:           LG+I+G4
Corrected Akaike Information Criterion: LG+I+G4
Bayesian Information Criterion:         LG+I+G4
Best-fit model: LG+I+G4 chosen according to BIC

All model information printed to /Users/sabrinaelkassas/Downloads/Chloe_Phylogeny/GlutathionePeroxidase_WP_026826575.1_formatted_aligned.fasta.model.gz
CPU time for ModelFinder: 44.404 seconds (0h:0m:44s)
Wall-clock time for ModelFinder: 42.180 seconds (0h:0m:42s)
Generating 1000 samples for ultrafast bootstrap (seed: 398565)...

NOTE: 5 MB RAM (0 GB) is required!
Estimate model parameters (epsilon = 0.100)
Thoroughly optimizing +I+G parameters from 10 start values...
Init pinv, alpha: 0.000, 1.584 / Estimate: 0.000, 0.625 / LogL: -5463.007
Init pinv, alpha: 0.028, 1.584 / Estimate: 0.200, 1.227 / LogL: -5453.749
Init pinv, alpha: 0.057, 1.584 / Estimate: 0.202, 1.242 / LogL: -5453.728
Init pinv, alpha: 0.085, 1.584 / Estimate: 0.201, 1.236 / LogL: -5453.736
Init pinv, alpha: 0.113, 1.584 / Estimate: 0.202, 1.240 / LogL: -5453.730
Init pinv, alpha: 0.141, 1.584 / Estimate: 0.200, 1.226 / LogL: -5453.747
Init pinv, alpha: 0.170, 1.584 / Estimate: 0.204, 1.254 / LogL: -5453.713
Init pinv, alpha: 0.198, 1.584 / Estimate: 0.206, 1.271 / LogL: -5453.705
Init pinv, alpha: 0.226, 1.584 / Estimate: 0.208, 1.282 / LogL: -5453.706
Init pinv, alpha: 0.254, 1.584 / Estimate: 0.209, 1.291 / LogL: -5453.710
Optimal pinv,alpha: 0.206, 1.271 / LogL: -5453.705

Parameters optimization took 4.841 sec
Wrote distance file to... 
Computing ML distances based on estimated model parameters...
Calculating distance matrix: done in 0.54444 secs using 99.95% CPU
Computing ML distances took 0.544764 sec (of wall-clock time) 0.544217 sec (of CPU time)
Setting up auxiliary I and S matrices: done in 7.70092e-05 secs using 75.32% CPU
Constructing RapidNJ tree: done in 0.000164986 secs using 129.1% CPU
Computing RapidNJ tree took 0.000290 sec (of wall-clock time) 0.000303 sec (of CPU time)
Log-likelihood of RapidNJ tree: -5460.552
--------------------------------------------------------------------
|             INITIALIZING CANDIDATE TREE SET                      |
--------------------------------------------------------------------
Generating 98 parsimony trees... 0.343 second
Computing log-likelihood of 98 initial trees ... 1.772 seconds
Current best score: -5453.705

Do NNI search on 20 best initial trees
Estimate model parameters (epsilon = 0.100)
BETTER TREE FOUND at iteration 1: -5453.705
Estimate model parameters (epsilon = 0.100)
BETTER TREE FOUND at iteration 2: -5443.272
Estimate model parameters (epsilon = 0.100)
BETTER TREE FOUND at iteration 4: -5441.698
Iteration 10 / LogL: -5441.973 / Time: 0h:0m:52s
Iteration 20 / LogL: -5461.554 / Time: 0h:0m:56s
Finish initializing candidate tree set (18)
Current best tree score: -5441.698 / CPU time: 8.399
Number of iterations: 20
--------------------------------------------------------------------
|               OPTIMIZING CANDIDATE TREE SET                      |
--------------------------------------------------------------------
Estimate model parameters (epsilon = 0.100)
UPDATE BEST LOG-LIKELIHOOD: -5441.459
BETTER TREE FOUND at iteration 26: -5441.459
Estimate model parameters (epsilon = 0.100)
BETTER TREE FOUND at iteration 29: -5440.544
Iteration 30 / LogL: -5443.824 / Time: 0h:1m:0s (0h:1m:3s left)
Estimate model parameters (epsilon = 0.100)
BETTER TREE FOUND at iteration 32: -5439.321
Iteration 40 / LogL: -5442.526 / Time: 0h:1m:4s (0h:0m:53s left)
Iteration 50 / LogL: -5443.026 / Time: 0h:1m:8s (0h:0m:44s left)
Log-likelihood cutoff on original alignment: -5477.558
BETTER TREE FOUND at iteration 53: -5439.314
Estimate model parameters (epsilon = 0.100)
BETTER TREE FOUND at iteration 54: -5437.973
Estimate model parameters (epsilon = 0.100)
BETTER TREE FOUND at iteration 55: -5437.871
Iteration 60 / LogL: -5467.006 / Time: 0h:1m:13s (0h:0m:50s left)
Iteration 70 / LogL: -5439.496 / Time: 0h:1m:17s (0h:0m:43s left)
Iteration 80 / LogL: -5439.444 / Time: 0h:1m:21s (0h:0m:37s left)
Iteration 90 / LogL: -5437.994 / Time: 0h:1m:26s (0h:0m:32s left)
Iteration 100 / LogL: -5437.975 / Time: 0h:1m:30s (0h:0m:26s left)
Log-likelihood cutoff on original alignment: -5477.558
NOTE: Bootstrap correlation coefficient of split occurrence frequencies: 0.983
NOTE: UFBoot does not converge, continue at least 100 more iterations
Iteration 110 / LogL: -5439.283 / Time: 0h:1m:35s (0h:0m:43s left)
Iteration 120 / LogL: -5441.643 / Time: 0h:1m:39s (0h:0m:38s left)
Iteration 130 / LogL: -5441.689 / Time: 0h:1m:43s (0h:0m:33s left)
Iteration 140 / LogL: -5439.539 / Time: 0h:1m:47s (0h:0m:28s left)
Iteration 150 / LogL: -5438.003 / Time: 0h:1m:51s (0h:0m:23s left)
Log-likelihood cutoff on original alignment: -5477.558
Iteration 160 / LogL: -5437.887 / Time: 0h:1m:56s (0h:0m:18s left)
Iteration 170 / LogL: -5437.998 / Time: 0h:2m:0s (0h:0m:13s left)
Iteration 180 / LogL: -5438.039 / Time: 0h:2m:5s (0h:0m:9s left)
Iteration 190 / LogL: -5438.034 / Time: 0h:2m:9s (0h:0m:4s left)
Iteration 200 / LogL: -5438.037 / Time: 0h:2m:14s (0h:0m:0s left)
Log-likelihood cutoff on original alignment: -5477.558
NOTE: Bootstrap correlation coefficient of split occurrence frequencies: 0.996
TREE SEARCH COMPLETED AFTER 200 ITERATIONS / Time: 0h:2m:14s

--------------------------------------------------------------------
|                    FINALIZING TREE SEARCH                        |
--------------------------------------------------------------------
Performs final model parameters optimization
Estimate model parameters (epsilon = 0.010)
1. Initial log-likelihood: -5437.871
Optimal log-likelihood: -5437.870
Proportion of invariable sites: 0.205
Gamma shape alpha: 1.274
Parameters optimization took 1 rounds (0.065 sec)
BEST SCORE FOUND : -5437.870

Testing tree branches by SH-like aLRT with 1000 replicates...
0.181 sec.
Creating bootstrap support values...
Split supports printed to NEXUS file /Users/sabrinaelkassas/Downloads/Chloe_Phylogeny/GlutathionePeroxidase_WP_026826575.1_formatted_aligned.fasta.splits.nex
Total tree length: 8.909

Total number of iterations: 200
CPU time used for tree search: 86.236 sec (0h:1m:26s)
Wall-clock time used for tree search: 86.678 sec (0h:1m:26s)
Total CPU time used: 136.446 sec (0h:2m:16s)
Total wall-clock time used: 134.688 sec (0h:2m:14s)

Computing bootstrap consensus tree...
Reading input file /Users/sabrinaelkassas/Downloads/Chloe_Phylogeny/GlutathionePeroxidase_WP_026826575.1_formatted_aligned.fasta.splits.nex...
45 taxa and 447 splits.
Consensus tree written to /Users/sabrinaelkassas/Downloads/Chloe_Phylogeny/GlutathionePeroxidase_WP_026826575.1_formatted_aligned.fasta.contree
Reading input trees file /Users/sabrinaelkassas/Downloads/Chloe_Phylogeny/GlutathionePeroxidase_WP_026826575.1_formatted_aligned.fasta.contree
Log-likelihood of consensus tree: -5439.789

Analysis results written to: 
  IQ-TREE report:                /Users/sabrinaelkassas/Downloads/Chloe_Phylogeny/GlutathionePeroxidase_WP_026826575.1_formatted_aligned.fasta.iqtree
  Maximum-likelihood tree:       /Users/sabrinaelkassas/Downloads/Chloe_Phylogeny/GlutathionePeroxidase_WP_026826575.1_formatted_aligned.fasta.treefile
  Likelihood distances:          /Users/sabrinaelkassas/Downloads/Chloe_Phylogeny/GlutathionePeroxidase_WP_026826575.1_formatted_aligned.fasta.mldist

Ultrafast bootstrap approximation results written to:
  Split support values:          /Users/sabrinaelkassas/Downloads/Chloe_Phylogeny/GlutathionePeroxidase_WP_026826575.1_formatted_aligned.fasta.splits.nex
  Consensus tree:                /Users/sabrinaelkassas/Downloads/Chloe_Phylogeny/GlutathionePeroxidase_WP_026826575.1_formatted_aligned.fasta.contree
  Screen log file:               /Users/sabrinaelkassas/Downloads/Chloe_Phylogeny/GlutathionePeroxidase_WP_026826575.1_formatted_aligned.fasta.log

Date and Time: Tue Aug 18 14:00:27 2026
